cargo :        Fresh unicode-ident v1.0.24
At line:1 char:97
+ ... bin;$env:Path"; cd D:\tryp2p; cargo test --all --verbose 2>&1 | Tee-O ...
+                                   ~~~~~~~~~~~~~~~~~~~~~~~~~~~~~~~
    + CategoryInfo          : NotSpecified: (       Fresh unicode-ident v1.0.24:String) [], RemoteException
    + FullyQualifiedErrorId : NativeCommandError
 
       Fresh cfg-if v1.0.4
       Fresh windows-link v0.2.1
       Fresh memchr v2.8.2
       Fresh proc-macro2 v1.0.106
       Fresh getrandom v0.2.17
       Fresh smallvec v1.15.2
       Fresh version_check v0.9.5
       Fresh quote v1.0.46
       Fresh serde_core v1.0.228
       Fresh rand_core v0.6.4
       Fresh siphasher v0.3.11
       Fresh itoa v1.0.18
       Fresh syn v2.0.118
       Fresh stable_deref_trait v1.2.1
       Fresh scopeguard v1.2.0
       Fresh serde_derive v1.0.228
       Fresh zmij v1.0.21
       Fresh syn v1.0.109
       Fresh lock_api v0.4.14
       Fresh hashbrown v0.17.1
       Fresh serde v1.0.228
       Fresh parking_lot_core v0.9.12
       Fresh equivalent v1.0.2
       Fresh getrandom v0.3.4
       Fresh synstructure v0.13.2
       Fresh parking_lot v0.12.5
       Fresh indexmap v2.14.0
       Fresh jobserver v0.1.34
       Fresh autocfg v1.5.1
       Fresh shlex v2.0.1
       Fresh typenum v1.20.1
       Fresh find-msvc-tools v0.1.9
       Fresh generic-array v0.14.7
       Fresh cc v1.2.65
       Fresh zerofrom-derive v0.1.7
       Fresh yoke-derive v0.8.2
       Fresh siphasher v1.0.3
       Fresh regex-syntax v0.8.11
       Fresh getrandom v0.1.16
       Fresh zerofrom v0.1.8
       Fresh once_cell v1.21.4
       Fresh phf_shared v0.11.3
       Fresh zerovec-derive v0.11.3
       Fresh strsim v0.11.1
       Fresh rand_core v0.5.1
       Fresh yoke v0.8.3
       Fresh zerocopy-derive v0.8.52
       Fresh displaydoc v0.2.6
       Fresh phf_generator v0.11.3
       Fresh rand_pcg v0.2.1
       Fresh rand_chacha v0.2.2
       Fresh zerovec v0.11.6
       Fresh zerocopy v0.8.52
       Fresh phf_shared v0.8.0
       Fresh byteorder v1.5.0
       Fresh getrandom v0.4.3
       Fresh rand v0.7.3
       Fresh tinystr v0.8.3
       Fresh phf_generator v0.10.0
       Fresh litemap v0.8.2
       Fresh phf_generator v0.8.0
       Fresh uuid v1.23.4
       Fresh writeable v0.6.3
       Fresh new_debug_unreachable v1.0.6
       Fresh precomputed-hash v0.1.1
       Fresh icu_locale_core v2.2.0
       Fresh crossbeam-utils v0.8.21
       Fresh phf_codegen v0.10.0
       Fresh potential_utf v0.1.5
       Fresh string_cache_codegen v0.5.4
       Fresh zerotrie v0.2.4
       Fresh thiserror-impl v1.0.69
       Fresh bitflags v1.3.2
       Fresh utf8_iter v1.0.4
       Fresh mac v0.1.1
       Fresh icu_collections v2.2.0
       Fresh thiserror v1.0.69
       Fresh futf v0.1.5
       Fresh icu_provider v2.2.0
       Fresh proc-macro-hack v0.5.20+deprecated
       Fresh pkg-config v0.3.33
       Fresh cpufeatures v0.2.17
       Fresh utf-8 v0.7.6
       Fresh icu_normalizer_data v2.2.0
       Fresh icu_properties_data v2.2.0
       Fresh serde_json v1.0.150
       Fresh tendril v0.4.3
       Fresh phf_macros v0.8.0
       Fresh phf_codegen v0.8.0
       Fresh string_cache v0.8.9
       Fresh rustc_version v0.4.1
       Fresh block-buffer v0.10.4
       Fresh subtle v2.6.1
       Fresh dtoa v1.0.11
       Fresh phf v0.8.0
       Fresh icu_normalizer v2.2.0
       Fresh icu_properties v2.2.0
       Fresh dtoa-short v0.3.5
       Fresh cssparser-macros v0.6.1
       Fresh ident_case v1.0.1
       Fresh matches v0.1.10
       Fresh nodrop v0.1.14
       Fresh itoa v0.4.8
       Fresh convert_case v0.4.0
       Fresh heck v0.5.0
       Fresh cssparser v0.27.2
       Fresh servo_arc v0.1.1
       Fresh darling_core v0.23.0
       Fresh derive_more v0.99.20
       Fresh idna_adapter v1.2.2
       Fresh fxhash v0.2.1
       Fresh bytes v1.12.0
       Fresh pin-project-lite v0.2.17
       Fresh fnv v1.0.7
       Fresh thin-slice v0.1.1
       Fresh idna v1.1.0
       Fresh darling_macro v0.23.0
       Fresh crossbeam-epoch v0.9.18
       Fresh zeroize_derive v1.5.0
       Fresh hashbrown v0.12.3
       Fresh alloc-no-stdlib v2.0.4
       Fresh zeroize v1.9.0
       Fresh crossbeam-deque v0.8.6
       Fresh indexmap v1.9.3
       Fresh alloc-stdlib v0.2.4
       Fresh darling v0.23.0
       Fresh aho-corasick v1.1.4
       Fresh windows-tokens v0.39.0
       Fresh serde_with_macros v3.21.0
       Fresh brotli-decompressor v4.0.3
       Fresh anyhow v1.0.103
       Fresh regex-automata v0.4.14
       Fresh num-traits v0.2.19
       Fresh cfb v0.7.3
       Fresh phf_macros v0.11.3
       Fresh toml_datetime v0.6.11
       Fresh serde_spanned v0.6.9
       Fresh vcpkg v0.2.15
       Fresh dunce v1.0.5
       Fresh log v0.4.33
       Fresh either v1.16.0
       Fresh phf v0.11.3
       Fresh ahash v0.8.12
       Fresh infer v0.13.0
       Fresh serde_with v3.21.0
       Fresh brotli v7.0.0
       Fresh tracing-core v0.1.36
       Fresh inout v0.1.4
       Fresh socket2 v0.6.4
       Fresh mio v1.2.1
       Fresh tokio-macros v2.7.0
       Fresh ctor v0.2.9
       Fresh windows-sys v0.61.2
       Fresh windows-version v0.1.7
       Fresh glob v0.3.3
       Fresh cipher v0.4.4
       Fresh tokio v1.52.3
       Fresh winapi-util v0.1.11
       Fresh hashbrown v0.14.5
       Fresh rayon-core v1.13.0
       Fresh zstd-sys v2.0.16+zstd.1.5.7
       Fresh universal-hash v0.5.1
       Fresh curve25519-dalek-derive v0.1.1
       Fresh tracing-attributes v0.1.31
       Fresh adler2 v2.0.1
       Fresh futures-sink v0.3.32
       Fresh once_cell_polyfill v1.70.2
       Fresh opaque-debug v0.3.1
       Fresh utf8parse v0.2.2
       Fresh futures-core v0.3.32
       Fresh anstyle v1.0.14
       Fresh windows-metadata v0.39.0
       Fresh anstyle-wincon v3.0.11
       Fresh windows-bindgen v0.39.0
       Fresh anstyle-parse v1.0.0
       Fresh poly1305 v0.8.0
       Fresh tracing v0.1.44
       Fresh curve25519-dalek v4.1.3
       Fresh rayon v1.12.0
       Fresh zstd-safe v7.2.4
       Fresh hashlink v0.9.1
       Fresh libsqlite3-sys v0.28.0
       Fresh same-file v1.0.6
       Fresh windows_x86_64_gnu v0.39.0
       Fresh chacha20 v0.9.1
       Fresh hmac v0.12.1
       Fresh windows-implement v0.39.0
       Fresh aead v0.5.2
       Fresh anstyle-query v1.1.5
       Fresh futures-macro v0.3.32
       Fresh phf_shared v0.10.0
       Fresh slab v0.4.12
       Fresh winnow v0.7.15
       Fresh colorchoice v1.0.5
       Fresh twox-hash v2.1.2
       Fresh toml_write v0.1.2
       Fresh fallible-iterator v0.3.0
       Fresh arrayvec v0.7.8
       Fresh arrayref v0.3.9
       Fresh bitflags v2.13.0
       Fresh constant_time_eq v0.4.2
       Fresh cpufeatures v0.3.0
       Fresh is_terminal_polyfill v1.70.2
       Fresh fallible-streaming-iterator v0.1.9
       Fresh futures-task v0.3.32
       Fresh toml_edit v0.22.27
       Fresh blake3 v1.8.5
       Fresh anstream v1.0.0
       Fresh lz4_flex v0.11.6
       Fresh rusqlite v0.31.0
       Fresh futures-util v0.3.32
       Fresh phf v0.10.1
       Fresh windows v0.39.0
       Fresh chacha20poly1305 v0.10.1
       Fresh hkdf v0.12.4
       Fresh x25519-dalek v2.0.1
       Fresh libc v0.2.186
       Fresh zstd v0.13.3
       Fresh walkdir v2.5.0
       Fresh winapi-x86_64-pc-windows-gnu v0.4.0
       Fresh crc32fast v1.5.0
       Fresh clap_lex v1.1.0
       Fresh memmap2 v0.9.11
       Fresh xxhash-rust v0.8.16
       Fresh percent-encoding v2.3.2
       Fresh winnow v0.5.40
       Fresh lazy_static v1.5.0
       Fresh form_urlencoded v1.2.2
       Fresh toml_edit v0.19.15
       Fresh clap_builder v4.6.0
       Fresh winapi v0.3.9
       Fresh markup5ever v0.11.0
       Fresh toml v0.8.23
       Fresh regex v1.12.4
       Fresh clap_derive v4.6.1
       Fresh half v2.7.1
       Fresh ciborium-io v0.2.2
       Fresh plotters-backend v0.3.7
       Fresh fastrand v2.4.1
       Fresh ciborium-ll v0.2.2
       Fresh clap v4.6.1
       Fresh plotters-svg v0.3.7
       Fresh windows_x86_64_gnu v0.48.5
       Fresh html5ever v0.26.0
       Fresh tempfile v3.27.0
       Fresh webview2-com-sys v0.19.0
       Fresh dirs-sys-next v0.1.2
       Fresh toml v0.7.8
       Fresh url v2.5.8
       Dirty p2ptransfer-core v0.1.0 (D:\tryp2p\p2ptransfer-core): info of dependency `rayon` changed
   Compiling p2ptransfer-core v0.1.0 (D:\tryp2p\p2ptransfer-core)
       Fresh fdeflate v0.3.7
       Fresh futures-channel v0.3.32
       Fresh itertools v0.10.5
       Fresh selectors v0.22.0
       Fresh jsonptr v0.4.7
       Fresh ppv-lite86 v0.2.21
       Fresh crypto-common v0.1.7
       Fresh webview2-com-macros v0.6.0
     Running `C:\Users\parth\.rustup\toolchains\stable-x86_64-pc-windows-gnu\bin\rustc.exe --crate-name 
p2ptransfer_core --edition=2024 p2ptransfer-core\src\lib.rs --error-format=json 
--json=diagnostic-rendered-ansi,artifacts,future-incompat --crate-type lib --crate-type cdylib --emit=dep-info,link -C 
embed-bitcode=no -C debuginfo=2 --check-cfg cfg(docsrs,test) --check-cfg "cfg(feature, values())" -C 
metadata=526654ce197403c5 --out-dir D:\tryp2p\target\debug\deps -C linker=C:\msys64\msys64\mingw64\bin\gcc.exe -C 
incremental=D:\tryp2p\target\debug\incremental -L dependency=D:\tryp2p\target\debug\deps --extern 
anyhow=D:\tryp2p\target\debug\deps\libanyhow-6a7d924f1cec733f.rlib --extern 
blake3=D:\tryp2p\target\debug\deps\libblake3-271f55cde4f8610c.rlib --extern 
chacha20poly1305=D:\tryp2p\target\debug\deps\libchacha20poly1305-4a398d9d06a6789c.rlib --extern 
hkdf=D:\tryp2p\target\debug\deps\libhkdf-5b6b8f82de3f4ab5.rlib --extern 
lz4_flex=D:\tryp2p\target\debug\deps\liblz4_flex-6cb7526246acdc22.rlib --extern 
memmap2=D:\tryp2p\target\debug\deps\libmemmap2-b809f9e9733ed6d5.rlib --extern 
rand_core=D:\tryp2p\target\debug\deps\librand_core-c5b3e95362ba3798.rlib --extern 
rayon=D:\tryp2p\target\debug\deps\librayon-f4e4351d8dc7f1f4.rlib --extern 
rusqlite=D:\tryp2p\target\debug\deps\librusqlite-af4d6a9420aa0045.rlib --extern 
serde=D:\tryp2p\target\debug\deps\libserde-72ec22bd38c41c72.rlib --extern 
serde_json=D:\tryp2p\target\debug\deps\libserde_json-556fa2784e9eb149.rlib --extern 
sha2=D:\tryp2p\target\debug\deps\libsha2-8cecf7a2ae5758d1.rlib --extern 
tokio=D:\tryp2p\target\debug\deps\libtokio-effeaf709eeb744f.rlib --extern 
tracing=D:\tryp2p\target\debug\deps\libtracing-ce12361ac20798e7.rlib --extern 
uuid=D:\tryp2p\target\debug\deps\libuuid-dc0b466b3ed6ee3d.rlib --extern 
x25519_dalek=D:\tryp2p\target\debug\deps\libx25519_dalek-819f6d1a1cccced0.rlib --extern 
xxhash_rust=D:\tryp2p\target\debug\deps\libxxhash_rust-b1d85d6676358b22.rlib --extern 
zstd=D:\tryp2p\target\debug\deps\libzstd-6632f3345de73e0c.rlib -L 
native=D:\tryp2p\target\debug\build\blake3-6a8bad164c1bfde8\out -L 
native=D:\tryp2p\target\debug\build\blake3-6a8bad164c1bfde8\out -L 
native=D:\tryp2p\target\debug\build\libsqlite3-sys-c388fed2db7e2652\out -L 
native=D:\tryp2p\target\debug\build\zstd-sys-3fed1e2365852f21\out`
       Fresh raw-window-handle v0.5.2
       Fresh futures-io v0.3.32
       Fresh cast v0.3.0
       Fresh color_quant v1.1.0
       Fresh bytemuck v1.25.0
       Fresh futures v0.3.32
       Fresh criterion-plot v0.5.0
       Fresh image v0.24.9
       Fresh rand_chacha v0.3.1
       Fresh webview2-com v0.19.1
       Fresh json-patch v2.0.0
       Fresh digest v0.10.7
       Fresh kuchikiki v0.8.2
       Fresh dirs-next v2.0.0
       Fresh png v0.17.16
       Fresh ciborium v0.2.2
       Fresh windows_x86_64_gnu v0.52.6
       Fresh plotters v0.3.7
       Fresh windows-targets v0.48.5
       Fresh embed-resource v2.5.2
       Fresh http v0.2.12
       Fresh tinytemplate v1.2.1
       Fresh crossbeam-channel v0.5.15
       Fresh is-terminal v0.4.17
       Fresh semver v1.0.28
       Fresh instant v0.1.13
       Fresh unicode-segmentation v1.13.3
       Fresh anes v0.1.6
       Fresh oorandom v11.1.5
       Fresh windows-sys v0.48.0
       Fresh tao v0.16.11
       Fresh criterion v0.5.1
       Fresh tauri-utils v1.6.2
       Fresh tauri-winres v0.1.1
       Fresh ico v0.4.0
       Fresh sha2 v0.10.9
       Fresh windows-targets v0.52.6
       Fresh windows_x86_64_gnu v0.42.2
       Fresh rand v0.8.6
       Fresh cargo_toml v0.15.3
       Fresh bstr v1.12.3
       Fresh simd-adler32 v0.3.9
       Fresh http-range v0.1.5
       Fresh base64 v0.21.7
       Fresh option-ext v0.2.0
       Fresh windows-sys v0.59.0
       Fresh globset v0.4.18
       Fresh tauri-runtime v0.14.6
       Fresh dirs-sys v0.4.1
       Fresh tauri-codegen v1.4.6
       Fresh windows-sys v0.42.0
       Fresh tauri-build v1.5.6
       Fresh miniz_oxide v0.8.9
       Fresh wry v0.24.12
       Fresh sharded-slab v0.1.7
       Fresh tracing-log v0.2.0
       Fresh matchers v0.2.0
       Fresh nu-ansi-term v0.50.3
       Fresh serialize-to-javascript-impl v0.1.2
       Fresh thread_local v1.1.9
       Fresh filetime v0.2.29
       Fresh unicode-width v0.2.2
       Fresh encode_unicode v1.0.0
       Fresh tauri-runtime-wry v0.14.11
       Fresh tracing-subscriber v0.3.23
       Fresh tar v0.4.46
       Fresh console v0.15.11
       Fresh serialize-to-javascript v0.1.2
       Fresh flate2 v1.1.9
       Fresh open v3.2.0
       Fresh dirs v5.0.1
       Fresh tauri-macros v1.4.7
       Fresh portable-atomic v1.13.1
       Fresh ignore v0.4.27
       Fresh serde_repr v0.1.20
       Fresh encoding_rs v0.8.35
       Fresh state v0.5.3
       Fresh number_prefix v0.4.0
       Fresh tauri v1.8.3
   Compiling p2ptransfer-gui v0.1.0 (D:\tryp2p\desktop\p2ptransfer-gui\src-tauri)
       Fresh hostname v0.4.2
       Fresh indicatif v0.17.11
     Running `D:\tryp2p\target\debug\build\p2ptransfer-gui-2a54d02245ab1684\build-script-build`
     Running `C:\Users\parth\.rustup\toolchains\stable-x86_64-pc-windows-gnu\bin\rustc.exe --crate-name 
p2ptransfer_core --edition=2024 p2ptransfer-core\src\lib.rs --error-format=json 
--json=diagnostic-rendered-ansi,artifacts,future-incompat --emit=dep-info,link -C embed-bitcode=no -C debuginfo=2 
--test --check-cfg cfg(docsrs,test) --check-cfg "cfg(feature, values())" -C metadata=8e1f67ad40ea102e -C 
extra-filename=-8de6b8ea3e511fa3 --out-dir D:\tryp2p\target\debug\deps -C linker=C:\msys64\msys64\mingw64\bin\gcc.exe 
-C incremental=D:\tryp2p\target\debug\incremental -L dependency=D:\tryp2p\target\debug\deps --extern 
anyhow=D:\tryp2p\target\debug\deps\libanyhow-6a7d924f1cec733f.rlib --extern 
blake3=D:\tryp2p\target\debug\deps\libblake3-271f55cde4f8610c.rlib --extern 
chacha20poly1305=D:\tryp2p\target\debug\deps\libchacha20poly1305-4a398d9d06a6789c.rlib --extern 
criterion=D:\tryp2p\target\debug\deps\libcriterion-8ec8b17274e254ae.rlib --extern 
hkdf=D:\tryp2p\target\debug\deps\libhkdf-5b6b8f82de3f4ab5.rlib --extern 
lz4_flex=D:\tryp2p\target\debug\deps\liblz4_flex-6cb7526246acdc22.rlib --extern 
memmap2=D:\tryp2p\target\debug\deps\libmemmap2-b809f9e9733ed6d5.rlib --extern 
rand_core=D:\tryp2p\target\debug\deps\librand_core-c5b3e95362ba3798.rlib --extern 
rayon=D:\tryp2p\target\debug\deps\librayon-f4e4351d8dc7f1f4.rlib --extern 
rusqlite=D:\tryp2p\target\debug\deps\librusqlite-af4d6a9420aa0045.rlib --extern 
serde=D:\tryp2p\target\debug\deps\libserde-72ec22bd38c41c72.rlib --extern 
serde_json=D:\tryp2p\target\debug\deps\libserde_json-556fa2784e9eb149.rlib --extern 
sha2=D:\tryp2p\target\debug\deps\libsha2-8cecf7a2ae5758d1.rlib --extern 
tempfile=D:\tryp2p\target\debug\deps\libtempfile-36b9c710734c2146.rlib --extern 
tokio=D:\tryp2p\target\debug\deps\libtokio-effeaf709eeb744f.rlib --extern 
tracing=D:\tryp2p\target\debug\deps\libtracing-ce12361ac20798e7.rlib --extern 
uuid=D:\tryp2p\target\debug\deps\libuuid-dc0b466b3ed6ee3d.rlib --extern 
x25519_dalek=D:\tryp2p\target\debug\deps\libx25519_dalek-819f6d1a1cccced0.rlib --extern 
xxhash_rust=D:\tryp2p\target\debug\deps\libxxhash_rust-b1d85d6676358b22.rlib --extern 
zstd=D:\tryp2p\target\debug\deps\libzstd-6632f3345de73e0c.rlib -L 
native=D:\tryp2p\target\debug\build\blake3-6a8bad164c1bfde8\out -L 
native=D:\tryp2p\target\debug\build\blake3-6a8bad164c1bfde8\out -L 
native=D:\tryp2p\target\debug\build\libsqlite3-sys-c388fed2db7e2652\out -L 
native=D:\tryp2p\target\debug\build\zstd-sys-3fed1e2365852f21\out`
warning: unused import: `std::sync::Arc`
 --> p2ptransfer-core\src\network\relay.rs:2:5
  |
2 | use std::sync::Arc;
  |     ^^^^^^^^^^^^^^
  |
  = note: `#[warn(unused_imports)]` (part of `#[warn(unused)]`) on by default

warning: `p2ptransfer-core` (lib test) generated 1 warning (1 duplicate)
warning: `p2ptransfer-core` (lib) generated 1 warning (run `cargo fix --lib -p p2ptransfer-core` to apply 1 suggestion)
       Dirty p2ptransfer-cli v0.1.0 (D:\tryp2p\desktop\p2ptransfer-cli): the dependency `p2ptransfer-core` was rebuilt 
(13427729269.636161800s, 15m 33s after last build at 13427728336.449158000s)
   Compiling p2ptransfer-cli v0.1.0 (D:\tryp2p\desktop\p2ptransfer-cli)
     Running `C:\Users\parth\.rustup\toolchains\stable-x86_64-pc-windows-gnu\bin\rustc.exe --crate-name 
p2ptransfer_gui --edition=2021 desktop\p2ptransfer-gui\src-tauri\src\main.rs --error-format=json 
--json=diagnostic-rendered-ansi,artifacts,future-incompat --emit=dep-info,link -C embed-bitcode=no -C debuginfo=2 
--test --check-cfg cfg(docsrs,test) --check-cfg "cfg(feature, values())" -C metadata=c702cdf5822d08cb -C 
extra-filename=-0272c9a18f9cc37c --out-dir D:\tryp2p\target\debug\deps -C linker=C:\msys64\msys64\mingw64\bin\gcc.exe 
-C incremental=D:\tryp2p\target\debug\incremental -L dependency=D:\tryp2p\target\debug\deps --extern 
anyhow=D:\tryp2p\target\debug\deps\libanyhow-6a7d924f1cec733f.rlib --extern 
dirs=D:\tryp2p\target\debug\deps\libdirs-2874b09391149ff3.rlib --extern 
p2ptransfer_core=D:\tryp2p\target\debug\deps\libp2ptransfer_core.rlib --extern 
serde=D:\tryp2p\target\debug\deps\libserde-72ec22bd38c41c72.rlib --extern 
serde_json=D:\tryp2p\target\debug\deps\libserde_json-556fa2784e9eb149.rlib --extern 
tauri=D:\tryp2p\target\debug\deps\libtauri-ec001fa666ad3bf8.rlib --extern 
tokio=D:\tryp2p\target\debug\deps\libtokio-effeaf709eeb744f.rlib --extern 
toml=D:\tryp2p\target\debug\deps\libtoml-6657ef6535dc39bb.rlib --extern 
tracing=D:\tryp2p\target\debug\deps\libtracing-ce12361ac20798e7.rlib --extern 
tracing_subscriber=D:\tryp2p\target\debug\deps\libtracing_subscriber-f7f361e6b4d55ed2.rlib -L 
native=D:\tryp2p\target\debug\build\blake3-6a8bad164c1bfde8\out -L 
native=D:\tryp2p\target\debug\build\blake3-6a8bad164c1bfde8\out -L 
native=D:\tryp2p\target\debug\build\libsqlite3-sys-c388fed2db7e2652\out -L 
native=D:\tryp2p\target\debug\build\zstd-sys-3fed1e2365852f21\out -L 
native=D:\tryp2p\target\debug\build\webview2-com-sys-7ef8fa2b68f456d1\out\x64 -L 
native=C:\Users\parth\.cargo\registry\src\index.crates.io-1949cf8c6b5b557f\windows_x86_64_gnu-0.48.5\lib -L 
native=C:\Users\parth\.cargo\registry\src\index.crates.io-1949cf8c6b5b557f\winapi-x86_64-pc-windows-gnu-0.4.0\lib -L 
native=C:\Users\parth\.cargo\registry\src\index.crates.io-1949cf8c6b5b557f\windows_x86_64_gnu-0.42.2\lib -L 
native=C:\Users\parth\.cargo\registry\src\index.crates.io-1949cf8c6b5b557f\windows_x86_64_gnu-0.39.0\lib -C 
link-arg=D:\tryp2p\target\debug\build\p2ptransfer-gui-abd0f3693ab1955e\out\libresource.a --cfg desktop --cfg dev 
--check-cfg cfg(desktop) --check-cfg cfg(mobile) --check-cfg cfg(dev)`
     Running `C:\Users\parth\.rustup\toolchains\stable-x86_64-pc-windows-gnu\bin\rustc.exe --crate-name 
resume_integration --edition=2024 p2ptransfer-core\tests\resume_integration.rs --error-format=json 
--json=diagnostic-rendered-ansi,artifacts,future-incompat --emit=dep-info,link -C embed-bitcode=no -C debuginfo=2 
--test --check-cfg cfg(docsrs,test) --check-cfg "cfg(feature, values())" -C metadata=50671b8f47da3f50 -C 
extra-filename=-8d3932dbce94bf8f --out-dir D:\tryp2p\target\debug\deps -C linker=C:\msys64\msys64\mingw64\bin\gcc.exe 
-C incremental=D:\tryp2p\target\debug\incremental -L dependency=D:\tryp2p\target\debug\deps --extern 
anyhow=D:\tryp2p\target\debug\deps\libanyhow-6a7d924f1cec733f.rlib --extern 
blake3=D:\tryp2p\target\debug\deps\libblake3-271f55cde4f8610c.rlib --extern 
chacha20poly1305=D:\tryp2p\target\debug\deps\libchacha20poly1305-4a398d9d06a6789c.rlib --extern 
criterion=D:\tryp2p\target\debug\deps\libcriterion-8ec8b17274e254ae.rlib --extern 
hkdf=D:\tryp2p\target\debug\deps\libhkdf-5b6b8f82de3f4ab5.rlib --extern 
lz4_flex=D:\tryp2p\target\debug\deps\liblz4_flex-6cb7526246acdc22.rlib --extern 
memmap2=D:\tryp2p\target\debug\deps\libmemmap2-b809f9e9733ed6d5.rlib --extern 
p2ptransfer_core=D:\tryp2p\target\debug\deps\libp2ptransfer_core.rlib --extern 
rand_core=D:\tryp2p\target\debug\deps\librand_core-c5b3e95362ba3798.rlib --extern 
rayon=D:\tryp2p\target\debug\deps\librayon-f4e4351d8dc7f1f4.rlib --extern 
rusqlite=D:\tryp2p\target\debug\deps\librusqlite-af4d6a9420aa0045.rlib --extern 
serde=D:\tryp2p\target\debug\deps\libserde-72ec22bd38c41c72.rlib --extern 
serde_json=D:\tryp2p\target\debug\deps\libserde_json-556fa2784e9eb149.rlib --extern 
sha2=D:\tryp2p\target\debug\deps\libsha2-8cecf7a2ae5758d1.rlib --extern 
tempfile=D:\tryp2p\target\debug\deps\libtempfile-36b9c710734c2146.rlib --extern 
tokio=D:\tryp2p\target\debug\deps\libtokio-effeaf709eeb744f.rlib --extern 
tracing=D:\tryp2p\target\debug\deps\libtracing-ce12361ac20798e7.rlib --extern 
uuid=D:\tryp2p\target\debug\deps\libuuid-dc0b466b3ed6ee3d.rlib --extern 
x25519_dalek=D:\tryp2p\target\debug\deps\libx25519_dalek-819f6d1a1cccced0.rlib --extern 
xxhash_rust=D:\tryp2p\target\debug\deps\libxxhash_rust-b1d85d6676358b22.rlib --extern 
zstd=D:\tryp2p\target\debug\deps\libzstd-6632f3345de73e0c.rlib -L 
native=D:\tryp2p\target\debug\build\blake3-6a8bad164c1bfde8\out -L 
native=D:\tryp2p\target\debug\build\blake3-6a8bad164c1bfde8\out -L 
native=D:\tryp2p\target\debug\build\libsqlite3-sys-c388fed2db7e2652\out -L 
native=D:\tryp2p\target\debug\build\zstd-sys-3fed1e2365852f21\out`
       Dirty p2ptransfer-ffi v0.1.0 (D:\tryp2p\mobile\p2ptransfer-ffi): the dependency `p2ptransfer-core` was rebuilt 
(13427729269.636161800s, 15m 33s after last build at 13427728336.401638700s)
   Compiling p2ptransfer-ffi v0.1.0 (D:\tryp2p\mobile\p2ptransfer-ffi)
     Running `C:\Users\parth\.rustup\toolchains\stable-x86_64-pc-windows-gnu\bin\rustc.exe --crate-name p2p 
--edition=2024 desktop\p2ptransfer-cli\src\main.rs --error-format=json 
--json=diagnostic-rendered-ansi,artifacts,future-incompat --emit=dep-info,link -C embed-bitcode=no -C debuginfo=2 
--test --check-cfg cfg(docsrs,test) --check-cfg "cfg(feature, values())" -C metadata=96fffde863c576e9 -C 
extra-filename=-4f339f115ee694dd --out-dir D:\tryp2p\target\debug\deps -C linker=C:\msys64\msys64\mingw64\bin\gcc.exe 
-C incremental=D:\tryp2p\target\debug\incremental -L dependency=D:\tryp2p\target\debug\deps --extern 
anyhow=D:\tryp2p\target\debug\deps\libanyhow-6a7d924f1cec733f.rlib --extern 
clap=D:\tryp2p\target\debug\deps\libclap-9322a87d0661b426.rlib --extern 
dirs=D:\tryp2p\target\debug\deps\libdirs-2874b09391149ff3.rlib --extern 
hostname=D:\tryp2p\target\debug\deps\libhostname-397978d0c69b573a.rlib --extern 
indicatif=D:\tryp2p\target\debug\deps\libindicatif-e50f7d682bf29e5c.rlib --extern 
p2ptransfer_core=D:\tryp2p\target\debug\deps\libp2ptransfer_core.rlib --extern 
serde=D:\tryp2p\target\debug\deps\libserde-72ec22bd38c41c72.rlib --extern 
serde_json=D:\tryp2p\target\debug\deps\libserde_json-556fa2784e9eb149.rlib --extern 
tokio=D:\tryp2p\target\debug\deps\libtokio-effeaf709eeb744f.rlib --extern 
toml=D:\tryp2p\target\debug\deps\libtoml-6657ef6535dc39bb.rlib --extern 
tracing=D:\tryp2p\target\debug\deps\libtracing-ce12361ac20798e7.rlib --extern 
tracing_subscriber=D:\tryp2p\target\debug\deps\libtracing_subscriber-f7f361e6b4d55ed2.rlib -L 
native=D:\tryp2p\target\debug\build\blake3-6a8bad164c1bfde8\out -L 
native=D:\tryp2p\target\debug\build\blake3-6a8bad164c1bfde8\out -L 
native=D:\tryp2p\target\debug\build\libsqlite3-sys-c388fed2db7e2652\out -L 
native=D:\tryp2p\target\debug\build\zstd-sys-3fed1e2365852f21\out -L 
native=C:\Users\parth\.cargo\registry\src\index.crates.io-1949cf8c6b5b557f\windows_x86_64_gnu-0.48.5\lib -L 
native=C:\Users\parth\.cargo\registry\src\index.crates.io-1949cf8c6b5b557f\windows_x86_64_gnu-0.52.6\lib`
     Running `C:\Users\parth\.rustup\toolchains\stable-x86_64-pc-windows-gnu\bin\rustc.exe --crate-name 
metadata_serde_test --edition=2024 p2ptransfer-core\tests\metadata_serde_test.rs --error-format=json 
--json=diagnostic-rendered-ansi,artifacts,future-incompat --emit=dep-info,link -C embed-bitcode=no -C debuginfo=2 
--test --check-cfg cfg(docsrs,test) --check-cfg "cfg(feature, values())" -C metadata=fce7f2c0c629e8fa -C 
extra-filename=-719b87cee5294208 --out-dir D:\tryp2p\target\debug\deps -C linker=C:\msys64\msys64\mingw64\bin\gcc.exe 
-C incremental=D:\tryp2p\target\debug\incremental -L dependency=D:\tryp2p\target\debug\deps --extern 
anyhow=D:\tryp2p\target\debug\deps\libanyhow-6a7d924f1cec733f.rlib --extern 
blake3=D:\tryp2p\target\debug\deps\libblake3-271f55cde4f8610c.rlib --extern 
chacha20poly1305=D:\tryp2p\target\debug\deps\libchacha20poly1305-4a398d9d06a6789c.rlib --extern 
criterion=D:\tryp2p\target\debug\deps\libcriterion-8ec8b17274e254ae.rlib --extern 
hkdf=D:\tryp2p\target\debug\deps\libhkdf-5b6b8f82de3f4ab5.rlib --extern 
lz4_flex=D:\tryp2p\target\debug\deps\liblz4_flex-6cb7526246acdc22.rlib --extern 
memmap2=D:\tryp2p\target\debug\deps\libmemmap2-b809f9e9733ed6d5.rlib --extern 
p2ptransfer_core=D:\tryp2p\target\debug\deps\libp2ptransfer_core.rlib --extern 
rand_core=D:\tryp2p\target\debug\deps\librand_core-c5b3e95362ba3798.rlib --extern 
rayon=D:\tryp2p\target\debug\deps\librayon-f4e4351d8dc7f1f4.rlib --extern 
rusqlite=D:\tryp2p\target\debug\deps\librusqlite-af4d6a9420aa0045.rlib --extern 
serde=D:\tryp2p\target\debug\deps\libserde-72ec22bd38c41c72.rlib --extern 
serde_json=D:\tryp2p\target\debug\deps\libserde_json-556fa2784e9eb149.rlib --extern 
sha2=D:\tryp2p\target\debug\deps\libsha2-8cecf7a2ae5758d1.rlib --extern 
tempfile=D:\tryp2p\target\debug\deps\libtempfile-36b9c710734c2146.rlib --extern 
tokio=D:\tryp2p\target\debug\deps\libtokio-effeaf709eeb744f.rlib --extern 
tracing=D:\tryp2p\target\debug\deps\libtracing-ce12361ac20798e7.rlib --extern 
uuid=D:\tryp2p\target\debug\deps\libuuid-dc0b466b3ed6ee3d.rlib --extern 
x25519_dalek=D:\tryp2p\target\debug\deps\libx25519_dalek-819f6d1a1cccced0.rlib --extern 
xxhash_rust=D:\tryp2p\target\debug\deps\libxxhash_rust-b1d85d6676358b22.rlib --extern 
zstd=D:\tryp2p\target\debug\deps\libzstd-6632f3345de73e0c.rlib -L 
native=D:\tryp2p\target\debug\build\blake3-6a8bad164c1bfde8\out -L 
native=D:\tryp2p\target\debug\build\blake3-6a8bad164c1bfde8\out -L 
native=D:\tryp2p\target\debug\build\libsqlite3-sys-c388fed2db7e2652\out -L 
native=D:\tryp2p\target\debug\build\zstd-sys-3fed1e2365852f21\out`
     Running `C:\Users\parth\.rustup\toolchains\stable-x86_64-pc-windows-gnu\bin\rustc.exe --crate-name 
p2ptransfer_ffi --edition=2024 mobile\p2ptransfer-ffi\src\lib.rs --error-format=json 
--json=diagnostic-rendered-ansi,artifacts,future-incompat --emit=dep-info,link -C embed-bitcode=no -C debuginfo=2 
--test --check-cfg cfg(docsrs,test) --check-cfg "cfg(feature, values())" -C metadata=2c85a3ad22b8fd7b -C 
extra-filename=-f9eb834c13b17fcb --out-dir D:\tryp2p\target\debug\deps -C linker=C:\msys64\msys64\mingw64\bin\gcc.exe 
-C incremental=D:\tryp2p\target\debug\incremental -L dependency=D:\tryp2p\target\debug\deps --extern 
anyhow=D:\tryp2p\target\debug\deps\libanyhow-6a7d924f1cec733f.rlib --extern 
p2ptransfer_core=D:\tryp2p\target\debug\deps\libp2ptransfer_core.rlib --extern 
serde=D:\tryp2p\target\debug\deps\libserde-72ec22bd38c41c72.rlib --extern 
serde_json=D:\tryp2p\target\debug\deps\libserde_json-556fa2784e9eb149.rlib --extern 
tokio=D:\tryp2p\target\debug\deps\libtokio-effeaf709eeb744f.rlib -L 
native=D:\tryp2p\target\debug\build\blake3-6a8bad164c1bfde8\out -L 
native=D:\tryp2p\target\debug\build\blake3-6a8bad164c1bfde8\out -L 
native=D:\tryp2p\target\debug\build\libsqlite3-sys-c388fed2db7e2652\out -L 
native=D:\tryp2p\target\debug\build\zstd-sys-3fed1e2365852f21\out`
warning: unused import: `p2ptransfer_core::p2p::peer::PeerInfo`
 --> desktop\p2ptransfer-gui\src-tauri\src\main.rs:7:5
  |
7 | use p2ptransfer_core::p2p::peer::PeerInfo;
  |     ^^^^^^^^^^^^^^^^^^^^^^^^^^^^^^^^^^^^^
  |
  = note: `#[warn(unused_imports)]` (part of `#[warn(unused)]`) on by default

warning: unused import: `TransferStatus`
 --> desktop\p2ptransfer-gui\src-tauri\src\main.rs:9:65
  |
9 | use p2ptransfer_core::transfer::resume::{TransferResumeManager, TransferStatus};
  |                                                                 ^^^^^^^^^^^^^^

warning: unused variable: `compression`
   --> desktop\p2ptransfer-gui\src-tauri\src\main.rs:133:5
    |
133 |     compression: i32,
    |     ^^^^^^^^^^^ help: if this is intentional, prefix it with an underscore: `_compression`
    |
    = note: `#[warn(unused_variables)]` (part of `#[warn(unused)]`) on by default

warning: unused variable: `addr`
   --> desktop\p2ptransfer-gui\src-tauri\src\main.rs:250:5
    |
250 |     addr: SocketAddr,
    |     ^^^^ help: if this is intentional, prefix it with an underscore: `_addr`

warning: field `engine` is never read
  --> desktop\p2ptransfer-gui\src-tauri\src\main.rs:17:5
   |
16 | struct AppState {
   |        -------- field in this struct
17 |     engine: TransferEngine,
   |     ^^^^^^
   |
   = note: `#[warn(dead_code)]` (part of `#[warn(unused)]`) on by default

warning: `p2ptransfer-gui` (bin "p2ptransfer-gui" test) generated 5 warnings (run `cargo fix --bin "p2ptransfer-gui" 
-p p2ptransfer-gui --tests` to apply 4 suggestions)
    Finished `test` profile [unoptimized + debuginfo] target(s) in 58.54s
     Running `D:\tryp2p\target\debug\deps\p2p-4f339f115ee694dd.exe`

running 0 tests

test result: ok. 0 passed; 0 failed; 0 ignored; 0 measured; 0 filtered out; finished in 0.00s

     Running `D:\tryp2p\target\debug\deps\p2ptransfer_core-8de6b8ea3e511fa3.exe`

running 85 tests
test compress::detector::tests::test_detects_png_by_magic ... ok
test compress::detector::tests::test_detects_gzip_by_magic ... ok
test compress::detector::tests::test_mp4_detected ... ok
test compress::detector::tests::test_detects_zip_by_extension ... ok
test compress::detector::tests::test_empty_file_not_compressed ... ok
test compress::detector::tests::test_plain_text_not_compressed ... ok
test compress::detector::tests::test_jpeg_detected ... ok
test compress::lz4::tests::test_lz4_empty ... ok
test compress::lz4::tests::test_lz4_roundtrip ... ok
test compress::zstd::tests::test_compress_decompress_empty ... ok
test crypto::aead::tests::test_build_nonce_format ... ok
test crypto::aead::tests::test_decrypt_tampered_ciphertext_fails ... ok
test compress::lz4::tests::test_lz4_faster_than_zstd ... ok
test crypto::aead::tests::test_decrypt_wrong_key_fails ... ok
test compress::zstd::tests::test_compress_decompress_roundtrip ... ok
test crypto::aead::tests::test_derive_key_produces_consistent_keys ... ok
test crypto::aead::tests::test_derive_key_different_info_produces_different_keys ... ok
test crypto::aead::tests::test_generate_nonce_prefix_unique ... ok
test crypto::aead::tests::test_different_nonce_produces_different_ciphertext ... ok
test crypto::aead::tests::test_encrypt_decrypt_roundtrip ... ok
test crypto::ecdh::tests::test_public_key_is_32_bytes ... ok
test compress::zstd::tests::test_compress_incompressible_data ... ok
test crypto::ecdh::tests::test_ecdh_shared_secret_matches ... ok
test crypto::ecdh::tests::test_ecdh_different_peers_different_secrets ... ok
test network::bandwidth::tests::test_bandwidth_reset ... ok
test network::bandwidth::tests::test_bandwidth_monitor_records_bytes ... ok
test network::backpressure::tests::test_pipe_basic_io ... ok
test network::backpressure::tests::test_pipe_shutdown_wakes_reader ... ok
test network::bandwidth::tests::test_rate_limiter_allows_within_limit ... ok
test network::bandwidth::tests::test_rate_limiter_blocks_over_limit ... ok
test network::bandwidth::tests::test_bandwidth_snapshot ... ok
test network::nat::tests::test_nat_classification ... ok
test network::tcp::tests::test_default_tcp_port ... ok
test compress::zstd::tests::test_compress_parallel_matches_serial ... ok
test network::tcp::tests::test_send_receive_message ... ok
test network::tcp::tests::test_handle_connection_handler ... ok
test network::tcp::tests::test_server_start_stop ... ok
test p2p::discovery::tests::test_cleanup_removes_stale_peers ... ok
test p2p::discovery::tests::test_peer_list_insert_and_query ... ok
test compress::zstd::tests::test_higher_level_smaller_size ... ok
test p2p::discovery::tests::test_peer_staleness ... ok
test p2p::discovery::tests::test_peer_touch_updates_last_seen ... ok
test storage::file_iter::tests::test_file_iterator_empty_directory ... ok
test storage::file_iter::tests::test_file_iterator_single_file ... ok
test storage::file_iter::tests::test_file_iterator_directory ... ok
test storage::file_iter::tests::test_file_size ... ok
test network::tcp::tests::test_with_handler_and_message_roundtrip ... ok
test storage::file_iter::tests::test_iterator_remaining ... ok
test transfer::chunker::tests::test_adaptive_chunk_size ... ok
test transfer::chunker::tests::test_chunker_clamps_max_size ... ok
test transfer::chunker::tests::test_chunker_clamps_min_size ... ok
test transfer::chunker::tests::test_chunker_exact_one_chunk ... ok
test transfer::chunker::tests::test_chunker_multiple_chunks ... ok
test transfer::chunker::tests::test_chunker_zero_file ... ok
test storage::file_iter::tests::test_read_file_chunk_bounds ... ok
test network::stun::tests::test_stun_discovery ... ok
test storage::file_iter::tests::test_read_file_chunk ... ok
test transfer::engine::tests::test_empty_chunk_prepare ... ok
test transfer::engine::tests::test_track_and_get_progress ... ok
test network::backpressure::tests::test_pipe_block_on_full_buffer ... ok
test transfer::hasher::tests::test_blake3_consistency ... ok
test transfer::engine::tests::test_chunk_write_then_read ... ok
test transfer::hasher::tests::test_blake3_length ... ok
test transfer::hasher::tests::test_blake3_reader ... ok
test transfer::engine::tests::test_create_metadata ... ok
test transfer::hasher::tests::test_xxhash64_consistency ... ok
test transfer::hasher::tests::test_xxhash64_different_inputs ... ok
test transfer::hasher::tests::test_xxhash64_empty_input ... ok
test transfer::hasher::tests::test_xxhash64_length_independent ... ok
test network::tcp::tests::test_oversized_message_rejected ... ok
test transfer::engine::tests::test_verify_checksum ... ok
test transfer::engine::tests::test_prepare_chunk ... ok
test transfer::resume::tests::test_complete_transfer ... ok
test network::nat::tests::test_unreachable_host ... ok
test transfer::resume::tests::test_crash_persistence_bytes_transferred_survives_drop ... ok
test transfer::resume::tests::test_create_and_get_transfer ... ok
test transfer::resume::tests::test_transfer_status_as_str ... ok
test transfer::resume::tests::test_crash_persistence_status_paused_survives ... ok
test transfer::resume::tests::test_crash_persistence_multiple_updates ... ok
test transfer::resume::tests::test_delete_transfer ... ok
test transfer::resume::tests::test_get_nonexistent_transfer ... ok
test transfer::resume::tests::test_list_transfers ... ok
test transfer::resume::tests::test_pause_and_resume ... ok
test transfer::resume::tests::test_update_progress ... ok
test network::backpressure::tests::test_backpressure_bounds_memory ... ok

test result: ok. 85 passed; 0 failed; 0 ignored; 0 measured; 0 filtered out; finished in 16.08s

     Running `D:\tryp2p\target\debug\deps\metadata_serde_test-719b87cee5294208.exe`

running 2 tests
test test_metadata_tcp_roundtrip ... ok
test test_listen_handler_accepts_metadata ... ok

test result: ok. 2 passed; 0 failed; 0 ignored; 0 measured; 0 filtered out; finished in 0.06s

     Running `D:\tryp2p\target\debug\deps\resume_integration-8d3932dbce94bf8f.exe`

running 3 tests
test test_resume_with_empty_chunks ... ok
test test_engine_resume_after_crash ... ok
test test_sqlite_resume_roundtrip ... ok

test result: ok. 3 passed; 0 failed; 0 ignored; 0 measured; 0 filtered out; finished in 0.11s

     Running `D:\tryp2p\target\debug\deps\p2ptransfer_ffi-f9eb834c13b17fcb.exe`

running 0 tests

test result: ok. 0 passed; 0 failed; 0 ignored; 0 measured; 0 filtered out; finished in 0.00s

     Running `D:\tryp2p\target\debug\deps\p2ptransfer_gui-0272c9a18f9cc37c.exe`

running 0 tests

test result: ok. 0 passed; 0 failed; 0 ignored; 0 measured; 0 filtered out; finished in 0.00s

   Doc-tests p2ptransfer_core
     Running `C:\Users\parth\.rustup\toolchains\stable-x86_64-pc-windows-gnu\bin\rustdoc.exe --edition=2024 
--crate-type lib --crate-type cdylib --color auto --crate-name p2ptransfer_core --test p2ptransfer-core\src\lib.rs 
--test-run-directory D:\tryp2p\p2ptransfer-core -C linker=C:\msys64\msys64\mingw64\bin\gcc.exe -L 
native=C:\Users\parth\.cargo\registry\src\index.crates.io-1949cf8c6b5b557f\winapi-x86_64-pc-windows-gnu-0.4.0\lib -L 
native=C:\Users\parth\.cargo\registry\src\index.crates.io-1949cf8c6b5b557f\windows_x86_64_gnu-0.39.0\lib -L 
native=C:\Users\parth\.cargo\registry\src\index.crates.io-1949cf8c6b5b557f\windows_x86_64_gnu-0.42.2\lib -L 
native=C:\Users\parth\.cargo\registry\src\index.crates.io-1949cf8c6b5b557f\windows_x86_64_gnu-0.48.5\lib -L 
native=C:\Users\parth\.cargo\registry\src\index.crates.io-1949cf8c6b5b557f\windows_x86_64_gnu-0.52.6\lib -L 
native=D:\tryp2p\target\debug\build\blake3-6a8bad164c1bfde8\out -L 
native=D:\tryp2p\target\debug\build\libsqlite3-sys-c388fed2db7e2652\out -L 
native=D:\tryp2p\target\debug\build\webview2-com-sys-7ef8fa2b68f456d1\out\x64 -L 
native=D:\tryp2p\target\debug\build\zstd-sys-3fed1e2365852f21\out --extern 
anyhow=D:\tryp2p\target\debug\deps\libanyhow-6a7d924f1cec733f.rlib --extern 
blake3=D:\tryp2p\target\debug\deps\libblake3-271f55cde4f8610c.rlib --extern 
chacha20poly1305=D:\tryp2p\target\debug\deps\libchacha20poly1305-4a398d9d06a6789c.rlib --extern 
criterion=D:\tryp2p\target\debug\deps\libcriterion-8ec8b17274e254ae.rlib --extern 
hkdf=D:\tryp2p\target\debug\deps\libhkdf-5b6b8f82de3f4ab5.rlib --extern 
lz4_flex=D:\tryp2p\target\debug\deps\liblz4_flex-6cb7526246acdc22.rlib --extern 
memmap2=D:\tryp2p\target\debug\deps\libmemmap2-b809f9e9733ed6d5.rlib --extern 
p2ptransfer_core=D:\tryp2p\target\debug\deps\libp2ptransfer_core.rlib --extern 
rand_core=D:\tryp2p\target\debug\deps\librand_core-c5b3e95362ba3798.rlib --extern 
rayon=D:\tryp2p\target\debug\deps\librayon-f4e4351d8dc7f1f4.rlib --extern 
rusqlite=D:\tryp2p\target\debug\deps\librusqlite-af4d6a9420aa0045.rlib --extern 
serde=D:\tryp2p\target\debug\deps\libserde-72ec22bd38c41c72.rlib --extern 
serde_json=D:\tryp2p\target\debug\deps\libserde_json-556fa2784e9eb149.rlib --extern 
sha2=D:\tryp2p\target\debug\deps\libsha2-8cecf7a2ae5758d1.rlib --extern 
tempfile=D:\tryp2p\target\debug\deps\libtempfile-36b9c710734c2146.rlib --extern 
tokio=D:\tryp2p\target\debug\deps\libtokio-effeaf709eeb744f.rlib --extern 
tracing=D:\tryp2p\target\debug\deps\libtracing-ce12361ac20798e7.rlib --extern 
uuid=D:\tryp2p\target\debug\deps\libuuid-dc0b466b3ed6ee3d.rlib --extern 
x25519_dalek=D:\tryp2p\target\debug\deps\libx25519_dalek-819f6d1a1cccced0.rlib --extern 
xxhash_rust=D:\tryp2p\target\debug\deps\libxxhash_rust-b1d85d6676358b22.rlib --extern 
zstd=D:\tryp2p\target\debug\deps\libzstd-6632f3345de73e0c.rlib -L dependency=D:\tryp2p\target\debug\deps -C 
embed-bitcode=no --check-cfg cfg(docsrs,test) --check-cfg "cfg(feature, values())" --error-format human`

running 0 tests

test result: ok. 0 passed; 0 failed; 0 ignored; 0 measured; 0 filtered out; finished in 0.00s

